MPLINK 4.49, Linker
Linker Map File - Created Wed Jan 25 15:39:39 2023

                                 Section Info
                  Section       Type    Address   Location Size(Bytes)
                ---------  ---------  ---------  ---------  ---------
                   .org_0       code   0x000000    program   0x000004
                   .cinit    romdata   0x000004    program   0x000002
                   .org_1       code   0x000008    program   0x000004
                   .org_2       code   0x000018    program   0x000004
                   .org_3       code   0x001000    program   0x000004
                   .org_4       code   0x001008    program   0x000098
.config_300000_07 - INTERRUPCIONES.O    romdata   0x300000    program   0x000001
.config_300001_07 - INTERRUPCIONES.O    romdata   0x300001    program   0x000001
.config_300002_07 - INTERRUPCIONES.O    romdata   0x300002    program   0x000001
.config_300003_07 - INTERRUPCIONES.O    romdata   0x300003    program   0x000001
.config_300005_07 - INTERRUPCIONES.O    romdata   0x300005    program   0x000001
.config_300006_07 - INTERRUPCIONES.O    romdata   0x300006    program   0x000001
.config_300008_07 - INTERRUPCIONES.O    romdata   0x300008    program   0x000001
.config_300009_07 - INTERRUPCIONES.O    romdata   0x300009    program   0x000001
.config_30000A_07 - INTERRUPCIONES.O    romdata   0x30000a    program   0x000001
.config_30000B_07 - INTERRUPCIONES.O    romdata   0x30000b    program   0x000001
.config_30000C_07 - INTERRUPCIONES.O    romdata   0x30000c    program   0x000001
.config_30000D_07 - INTERRUPCIONES.O    romdata   0x30000d    program   0x000001



                              Program Memory Usage 
                               Start         End      
                           ---------   ---------      
                            0x000000    0x000005      
                            0x000008    0x00000b      
                            0x000018    0x00001b      
                            0x001000    0x001003      
                            0x001008    0x00109f      
                            0x300000    0x300003      
                            0x300005    0x300006      
                            0x300008    0x30000d      
            182 out of 33048 program addresses used, program memory utilization is 0%



                              Symbols - Sorted by Name
                     Name    Address   Location    Storage File                     
                ---------  ---------  ---------  --------- ---------                
                 CPUERTOS   0x001022    program     static C:\Users\Jorge\Desktop\Lenguajes\Ensamblador\07 - Interrupciones\07 - Interrupciones.asm
                   CUENTA   0x001092    program     static C:\Users\Jorge\Desktop\Lenguajes\Ensamblador\07 - Interrupciones\07 - Interrupciones.asm
                    GTIME   0x001062    program     static C:\Users\Jorge\Desktop\Lenguajes\Ensamblador\07 - Interrupciones\07 - Interrupciones.asm
      HIGHPRIORITY_VECTOR   0x000008    program     static C:\Users\Jorge\Desktop\Lenguajes\Ensamblador\07 - Interrupciones\07 - Interrupciones.asm
               HighPr_ISR   0x001008    program     static C:\Users\Jorge\Desktop\Lenguajes\Ensamblador\07 - Interrupciones\07 - Interrupciones.asm
                   INICIO   0x00100e    program     static C:\Users\Jorge\Desktop\Lenguajes\Ensamblador\07 - Interrupciones\07 - Interrupciones.asm
                     LEER   0x001034    program     static C:\Users\Jorge\Desktop\Lenguajes\Ensamblador\07 - Interrupciones\07 - Interrupciones.asm
       LOWPRIORITY_VECTOR   0x000018    program     static C:\Users\Jorge\Desktop\Lenguajes\Ensamblador\07 - Interrupciones\07 - Interrupciones.asm
                LowPr_ISR   0x00100c    program     static C:\Users\Jorge\Desktop\Lenguajes\Ensamblador\07 - Interrupciones\07 - Interrupciones.asm
                      PWM   0x00104c    program     static C:\Users\Jorge\Desktop\Lenguajes\Ensamblador\07 - Interrupciones\07 - Interrupciones.asm
             RESET_VECTOR   0x000000    program     static C:\Users\Jorge\Desktop\Lenguajes\Ensamblador\07 - Interrupciones\07 - Interrupciones.asm
                     TMRO   0x001078    program     static C:\Users\Jorge\Desktop\Lenguajes\Ensamblador\07 - Interrupciones\07 - Interrupciones.asm
                   _Reset   0x001000    program     static C:\Users\Jorge\Desktop\Lenguajes\Ensamblador\07 - Interrupciones\07 - Interrupciones.asm
                     etq1   0x001046    program     static C:\Users\Jorge\Desktop\Lenguajes\Ensamblador\07 - Interrupciones\07 - Interrupciones.asm
                     etq2   0x001066    program     static C:\Users\Jorge\Desktop\Lenguajes\Ensamblador\07 - Interrupciones\07 - Interrupciones.asm
                     etq3   0x001086    program     static C:\Users\Jorge\Desktop\Lenguajes\Ensamblador\07 - Interrupciones\07 - Interrupciones.asm
                     etqI   0x001016    program     static C:\Users\Jorge\Desktop\Lenguajes\Ensamblador\07 - Interrupciones\07 - Interrupciones.asm



                              Symbols - Sorted by Address
                     Name    Address   Location    Storage File                     
                ---------  ---------  ---------  --------- ---------                
             RESET_VECTOR   0x000000    program     static C:\Users\Jorge\Desktop\Lenguajes\Ensamblador\07 - Interrupciones\07 - Interrupciones.asm
      HIGHPRIORITY_VECTOR   0x000008    program     static C:\Users\Jorge\Desktop\Lenguajes\Ensamblador\07 - Interrupciones\07 - Interrupciones.asm
       LOWPRIORITY_VECTOR   0x000018    program     static C:\Users\Jorge\Desktop\Lenguajes\Ensamblador\07 - Interrupciones\07 - Interrupciones.asm
                   _Reset   0x001000    program     static C:\Users\Jorge\Desktop\Lenguajes\Ensamblador\07 - Interrupciones\07 - Interrupciones.asm
               HighPr_ISR   0x001008    program     static C:\Users\Jorge\Desktop\Lenguajes\Ensamblador\07 - Interrupciones\07 - Interrupciones.asm
                LowPr_ISR   0x00100c    program     static C:\Users\Jorge\Desktop\Lenguajes\Ensamblador\07 - Interrupciones\07 - Interrupciones.asm
                   INICIO   0x00100e    program     static C:\Users\Jorge\Desktop\Lenguajes\Ensamblador\07 - Interrupciones\07 - Interrupciones.asm
                     etqI   0x001016    program     static C:\Users\Jorge\Desktop\Lenguajes\Ensamblador\07 - Interrupciones\07 - Interrupciones.asm
                 CPUERTOS   0x001022    program     static C:\Users\Jorge\Desktop\Lenguajes\Ensamblador\07 - Interrupciones\07 - Interrupciones.asm
                     LEER   0x001034    program     static C:\Users\Jorge\Desktop\Lenguajes\Ensamblador\07 - Interrupciones\07 - Interrupciones.asm
                     etq1   0x001046    program     static C:\Users\Jorge\Desktop\Lenguajes\Ensamblador\07 - Interrupciones\07 - Interrupciones.asm
                      PWM   0x00104c    program     static C:\Users\Jorge\Desktop\Lenguajes\Ensamblador\07 - Interrupciones\07 - Interrupciones.asm
                    GTIME   0x001062    program     static C:\Users\Jorge\Desktop\Lenguajes\Ensamblador\07 - Interrupciones\07 - Interrupciones.asm
                     etq2   0x001066    program     static C:\Users\Jorge\Desktop\Lenguajes\Ensamblador\07 - Interrupciones\07 - Interrupciones.asm
                     TMRO   0x001078    program     static C:\Users\Jorge\Desktop\Lenguajes\Ensamblador\07 - Interrupciones\07 - Interrupciones.asm
                     etq3   0x001086    program     static C:\Users\Jorge\Desktop\Lenguajes\Ensamblador\07 - Interrupciones\07 - Interrupciones.asm
                   CUENTA   0x001092    program     static C:\Users\Jorge\Desktop\Lenguajes\Ensamblador\07 - Interrupciones\07 - Interrupciones.asm


