MPLINK 4.49, Linker
Linker Map File - Created Wed Dec 21 21:34:04 2022

                                 Section Info
                  Section       Type    Address   Location Size(Bytes)
                ---------  ---------  ---------  ---------  ---------
                   .org_0       code   0x000000    program   0x000000
                   .org_1       code   0x000000    program   0x000004
                   .org_2       code   0x001000    program   0x00001e
.config_300000_PRACTICA1.O    romdata   0x300000    program   0x000001
.config_300001_PRACTICA1.O    romdata   0x300001    program   0x000001
.config_300002_PRACTICA1.O    romdata   0x300002    program   0x000001
.config_300003_PRACTICA1.O    romdata   0x300003    program   0x000001
.config_300005_PRACTICA1.O    romdata   0x300005    program   0x000001
.config_300006_PRACTICA1.O    romdata   0x300006    program   0x000001
.config_300008_PRACTICA1.O    romdata   0x300008    program   0x000001
.config_300009_PRACTICA1.O    romdata   0x300009    program   0x000001
.config_30000A_PRACTICA1.O    romdata   0x30000a    program   0x000001
.config_30000B_PRACTICA1.O    romdata   0x30000b    program   0x000001
.config_30000C_PRACTICA1.O    romdata   0x30000c    program   0x000001
.config_30000D_PRACTICA1.O    romdata   0x30000d    program   0x000001



                              Program Memory Usage 
                               Start         End      
                           ---------   ---------      
                            0x000000    0x000003      
                            0x001000    0x00101d      
                            0x300000    0x300003      
                            0x300005    0x300006      
                            0x300008    0x30000d      
            46 out of 33048 program addresses used, program memory utilization is 0%



                              Symbols - Sorted by Name
                     Name    Address   Location    Storage File                     
                ---------  ---------  ---------  --------- ---------                
                   INICIO   0x001000    program     static C:\Users\Jorge\Desktop\Lenguajes\Ensamblador\01 - ASCII\Practica1.asm
             RESET_VECTOR   0x000000    program     static C:\Users\Jorge\Desktop\Lenguajes\Ensamblador\01 - ASCII\Practica1.asm



                              Symbols - Sorted by Address
                     Name    Address   Location    Storage File                     
                ---------  ---------  ---------  --------- ---------                
             RESET_VECTOR   0x000000    program     static C:\Users\Jorge\Desktop\Lenguajes\Ensamblador\01 - ASCII\Practica1.asm
                   INICIO   0x001000    program     static C:\Users\Jorge\Desktop\Lenguajes\Ensamblador\01 - ASCII\Practica1.asm


