MPLINK 4.49, Linker
Linker Map File - Created Mon Feb 06 15:29:28 2023

                                 Section Info
                  Section       Type    Address   Location Size(Bytes)
                ---------  ---------  ---------  ---------  ---------
                   .org_0       code   0x000000    program   0x000004
                   .cinit    romdata   0x000004    program   0x000002
                   .org_1       code   0x000008    program   0x000004
                   .org_2       code   0x000018    program   0x000004
                   .org_3       code   0x001000    program   0x000004
                   .org_4       code   0x001008    program   0x000130
.config_300000_PRACTICA9.O    romdata   0x300000    program   0x000001
.config_300001_PRACTICA9.O    romdata   0x300001    program   0x000001
.config_300002_PRACTICA9.O    romdata   0x300002    program   0x000001
.config_300003_PRACTICA9.O    romdata   0x300003    program   0x000001
.config_300005_PRACTICA9.O    romdata   0x300005    program   0x000001
.config_300006_PRACTICA9.O    romdata   0x300006    program   0x000001
.config_300008_PRACTICA9.O    romdata   0x300008    program   0x000001
.config_300009_PRACTICA9.O    romdata   0x300009    program   0x000001
.config_30000A_PRACTICA9.O    romdata   0x30000a    program   0x000001
.config_30000B_PRACTICA9.O    romdata   0x30000b    program   0x000001
.config_30000C_PRACTICA9.O    romdata   0x30000c    program   0x000001
.config_30000D_PRACTICA9.O    romdata   0x30000d    program   0x000001



                              Program Memory Usage 
                               Start         End      
                           ---------   ---------      
                            0x000000    0x000005      
                            0x000008    0x00000b      
                            0x000018    0x00001b      
                            0x001000    0x001003      
                            0x001008    0x001137      
                            0x300000    0x300003      
                            0x300005    0x300006      
                            0x300008    0x30000d      
            334 out of 33048 program addresses used, program memory utilization is 1%



                              Symbols - Sorted by Name
                     Name    Address   Location    Storage File                     
                ---------  ---------  ---------  --------- ---------                
                 CPuertos   0x001028    program     static C:\Users\Jorge\Desktop\Practica 9 - Final\practica9.asm
                   Cuenta   0x001128    program     static C:\Users\Jorge\Desktop\Practica 9 - Final\practica9.asm
                   Cusart   0x001054    program     static C:\Users\Jorge\Desktop\Practica 9 - Final\practica9.asm
                     ETQ4   0x001118    program     static C:\Users\Jorge\Desktop\Practica 9 - Final\practica9.asm
                     Etq1   0x00101c    program     static C:\Users\Jorge\Desktop\Practica 9 - Final\practica9.asm
                     Etq2   0x0010f8    program     static C:\Users\Jorge\Desktop\Practica 9 - Final\practica9.asm
                    Gtime   0x0010f4    program     static C:\Users\Jorge\Desktop\Practica 9 - Final\practica9.asm
      HIGHPRIORITY_VECTOR   0x000008    program     static C:\Users\Jorge\Desktop\Practica 9 - Final\practica9.asm
                   HandSh   0x001074    program     static C:\Users\Jorge\Desktop\Practica 9 - Final\practica9.asm
               HighPr_ISR   0x001008    program     static C:\Users\Jorge\Desktop\Practica 9 - Final\practica9.asm
                   INICIO   0x00100e    program     static C:\Users\Jorge\Desktop\Practica 9 - Final\practica9.asm
       LOWPRIORITY_VECTOR   0x000018    program     static C:\Users\Jorge\Desktop\Practica 9 - Final\practica9.asm
                     Leer   0x00103c    program     static C:\Users\Jorge\Desktop\Practica 9 - Final\practica9.asm
                LowPr_ISR   0x00100c    program     static C:\Users\Jorge\Desktop\Practica 9 - Final\practica9.asm
                      PWM   0x0010da    program     static C:\Users\Jorge\Desktop\Practica 9 - Final\practica9.asm
             RESET_VECTOR   0x000000    program     static C:\Users\Jorge\Desktop\Practica 9 - Final\practica9.asm
                      RSI   0x001124    program     static C:\Users\Jorge\Desktop\Practica 9 - Final\practica9.asm
                  RxByteN   0x0010d0    program     static C:\Users\Jorge\Desktop\Practica 9 - Final\practica9.asm
                    Sigue   0x00104c    program     static C:\Users\Jorge\Desktop\Practica 9 - Final\practica9.asm
                     TMRO   0x00110a    program     static C:\Users\Jorge\Desktop\Practica 9 - Final\practica9.asm
                   TxByte   0x0010c4    program     static C:\Users\Jorge\Desktop\Practica 9 - Final\practica9.asm
                   _Reset   0x001000    program     static C:\Users\Jorge\Desktop\Practica 9 - Final\practica9.asm
                     nack   0x0010b8    program     static C:\Users\Jorge\Desktop\Practica 9 - Final\practica9.asm
                      reg   0x0010f2    program     static C:\Users\Jorge\Desktop\Practica 9 - Final\practica9.asm



                              Symbols - Sorted by Address
                     Name    Address   Location    Storage File                     
                ---------  ---------  ---------  --------- ---------                
             RESET_VECTOR   0x000000    program     static C:\Users\Jorge\Desktop\Practica 9 - Final\practica9.asm
      HIGHPRIORITY_VECTOR   0x000008    program     static C:\Users\Jorge\Desktop\Practica 9 - Final\practica9.asm
       LOWPRIORITY_VECTOR   0x000018    program     static C:\Users\Jorge\Desktop\Practica 9 - Final\practica9.asm
                   _Reset   0x001000    program     static C:\Users\Jorge\Desktop\Practica 9 - Final\practica9.asm
               HighPr_ISR   0x001008    program     static C:\Users\Jorge\Desktop\Practica 9 - Final\practica9.asm
                LowPr_ISR   0x00100c    program     static C:\Users\Jorge\Desktop\Practica 9 - Final\practica9.asm
                   INICIO   0x00100e    program     static C:\Users\Jorge\Desktop\Practica 9 - Final\practica9.asm
                     Etq1   0x00101c    program     static C:\Users\Jorge\Desktop\Practica 9 - Final\practica9.asm
                 CPuertos   0x001028    program     static C:\Users\Jorge\Desktop\Practica 9 - Final\practica9.asm
                     Leer   0x00103c    program     static C:\Users\Jorge\Desktop\Practica 9 - Final\practica9.asm
                    Sigue   0x00104c    program     static C:\Users\Jorge\Desktop\Practica 9 - Final\practica9.asm
                   Cusart   0x001054    program     static C:\Users\Jorge\Desktop\Practica 9 - Final\practica9.asm
                   HandSh   0x001074    program     static C:\Users\Jorge\Desktop\Practica 9 - Final\practica9.asm
                     nack   0x0010b8    program     static C:\Users\Jorge\Desktop\Practica 9 - Final\practica9.asm
                   TxByte   0x0010c4    program     static C:\Users\Jorge\Desktop\Practica 9 - Final\practica9.asm
                  RxByteN   0x0010d0    program     static C:\Users\Jorge\Desktop\Practica 9 - Final\practica9.asm
                      PWM   0x0010da    program     static C:\Users\Jorge\Desktop\Practica 9 - Final\practica9.asm
                      reg   0x0010f2    program     static C:\Users\Jorge\Desktop\Practica 9 - Final\practica9.asm
                    Gtime   0x0010f4    program     static C:\Users\Jorge\Desktop\Practica 9 - Final\practica9.asm
                     Etq2   0x0010f8    program     static C:\Users\Jorge\Desktop\Practica 9 - Final\practica9.asm
                     TMRO   0x00110a    program     static C:\Users\Jorge\Desktop\Practica 9 - Final\practica9.asm
                     ETQ4   0x001118    program     static C:\Users\Jorge\Desktop\Practica 9 - Final\practica9.asm
                      RSI   0x001124    program     static C:\Users\Jorge\Desktop\Practica 9 - Final\practica9.asm
                   Cuenta   0x001128    program     static C:\Users\Jorge\Desktop\Practica 9 - Final\practica9.asm


