MPLINK 4.49, Linker
Linker Map File - Created Sun Feb 05 21:19:05 2023

                                 Section Info
                  Section       Type    Address   Location Size(Bytes)
                ---------  ---------  ---------  ---------  ---------
                   .org_0       code   0x000000    program   0x000004
                   .cinit    romdata   0x000004    program   0x000002
                   .org_1       code   0x001000    program   0x000066
.config_300000_05 - CONERTIDORAD.O    romdata   0x300000    program   0x000001
.config_300001_05 - CONERTIDORAD.O    romdata   0x300001    program   0x000001
.config_300002_05 - CONERTIDORAD.O    romdata   0x300002    program   0x000001
.config_300003_05 - CONERTIDORAD.O    romdata   0x300003    program   0x000001
.config_300005_05 - CONERTIDORAD.O    romdata   0x300005    program   0x000001
.config_300006_05 - CONERTIDORAD.O    romdata   0x300006    program   0x000001
.config_300008_05 - CONERTIDORAD.O    romdata   0x300008    program   0x000001
.config_300009_05 - CONERTIDORAD.O    romdata   0x300009    program   0x000001
.config_30000A_05 - CONERTIDORAD.O    romdata   0x30000a    program   0x000001
.config_30000B_05 - CONERTIDORAD.O    romdata   0x30000b    program   0x000001
.config_30000C_05 - CONERTIDORAD.O    romdata   0x30000c    program   0x000001
.config_30000D_05 - CONERTIDORAD.O    romdata   0x30000d    program   0x000001



                              Program Memory Usage 
                               Start         End      
                           ---------   ---------      
                            0x000000    0x000005      
                            0x001000    0x001065      
                            0x300000    0x300003      
                            0x300005    0x300006      
                            0x300008    0x30000d      
            120 out of 33048 program addresses used, program memory utilization is 0%



                              Symbols - Sorted by Name
                     Name    Address   Location    Storage File                     
                ---------  ---------  ---------  --------- ---------                
                     CDAC   0x001022    program     static C:\Users\Jorge\Desktop\Lenguajes\Ensamblador\05 - ConvertidorAD\05 - ConertidorAD.asm
                 CPUERTOS   0x001016    program     static C:\Users\Jorge\Desktop\Lenguajes\Ensamblador\05 - ConvertidorAD\05 - ConertidorAD.asm
                     DISP   0x001062    program     static C:\Users\Jorge\Desktop\Lenguajes\Ensamblador\05 - ConvertidorAD\05 - ConertidorAD.asm
                 DIVISION   0x001046    program     static C:\Users\Jorge\Desktop\Lenguajes\Ensamblador\05 - ConvertidorAD\05 - ConertidorAD.asm
                   INICIO   0x001000    program     static C:\Users\Jorge\Desktop\Lenguajes\Ensamblador\05 - ConvertidorAD\05 - ConertidorAD.asm
                     LEER   0x001030    program     static C:\Users\Jorge\Desktop\Lenguajes\Ensamblador\05 - ConvertidorAD\05 - ConertidorAD.asm
             RESET_VECTOR   0x000000    program     static C:\Users\Jorge\Desktop\Lenguajes\Ensamblador\05 - ConvertidorAD\05 - ConertidorAD.asm
                     etqD   0x00104a    program     static C:\Users\Jorge\Desktop\Lenguajes\Ensamblador\05 - ConvertidorAD\05 - ConertidorAD.asm
                     etqL   0x001030    program     static C:\Users\Jorge\Desktop\Lenguajes\Ensamblador\05 - ConvertidorAD\05 - ConertidorAD.asm
                     etqM   0x001008    program     static C:\Users\Jorge\Desktop\Lenguajes\Ensamblador\05 - ConvertidorAD\05 - ConertidorAD.asm



                              Symbols - Sorted by Address
                     Name    Address   Location    Storage File                     
                ---------  ---------  ---------  --------- ---------                
             RESET_VECTOR   0x000000    program     static C:\Users\Jorge\Desktop\Lenguajes\Ensamblador\05 - ConvertidorAD\05 - ConertidorAD.asm
                   INICIO   0x001000    program     static C:\Users\Jorge\Desktop\Lenguajes\Ensamblador\05 - ConvertidorAD\05 - ConertidorAD.asm
                     etqM   0x001008    program     static C:\Users\Jorge\Desktop\Lenguajes\Ensamblador\05 - ConvertidorAD\05 - ConertidorAD.asm
                 CPUERTOS   0x001016    program     static C:\Users\Jorge\Desktop\Lenguajes\Ensamblador\05 - ConvertidorAD\05 - ConertidorAD.asm
                     CDAC   0x001022    program     static C:\Users\Jorge\Desktop\Lenguajes\Ensamblador\05 - ConvertidorAD\05 - ConertidorAD.asm
                     LEER   0x001030    program     static C:\Users\Jorge\Desktop\Lenguajes\Ensamblador\05 - ConvertidorAD\05 - ConertidorAD.asm
                     etqL   0x001030    program     static C:\Users\Jorge\Desktop\Lenguajes\Ensamblador\05 - ConvertidorAD\05 - ConertidorAD.asm
                 DIVISION   0x001046    program     static C:\Users\Jorge\Desktop\Lenguajes\Ensamblador\05 - ConvertidorAD\05 - ConertidorAD.asm
                     etqD   0x00104a    program     static C:\Users\Jorge\Desktop\Lenguajes\Ensamblador\05 - ConvertidorAD\05 - ConertidorAD.asm
                     DISP   0x001062    program     static C:\Users\Jorge\Desktop\Lenguajes\Ensamblador\05 - ConvertidorAD\05 - ConertidorAD.asm


